[logicdudes.com/index.html]
[backblue.gif]
[fade.gif]
[index.html]
[logicdudes.com/wp-content/uploads/2014/03/favi1.png]
[logicdudes.com/feed]
[logicdudes.com/comments/feed]
[logicdudes.com/wp-content/plugins/contact-form-7/includes/css/styles8aee.css]
[logicdudes.com/wp-content/themes/enfold/css/grid77ae.css]
[logicdudes.com/wp-content/themes/enfold/css/base77ae.css]
[logicdudes.com/wp-content/themes/enfold/css/layout77ae.css]
[logicdudes.com/wp-content/themes/enfold/css/shortcodes77ae.css]
[logicdudes.com/wp-content/themes/enfold/js/aviapopup/magnific-popup68b3.css]
[logicdudes.com/wp-content/themes/enfold/js/mediaelement/skin-1/mediaelementplayer68b3.css]
[logicdudes.com/wp-content/themes/enfold/css/print68b3.css]
[logicdudes.com/wp-content/uploads/dynamic_avia/enfolddc7b.css]
[logicdudes.com/wp-includes/js/jquery/jquery4a80.js]
[logicdudes.com/wp-includes/js/jquery/jquery-migrate.min1576.js]
[logicdudes.com/wp-content/themes/enfold/js/avia-compat77ae.js]
[logicdudes.com/index7fe5.html]
[logicdudes.com/xmlrpc0db0.php]
[logicdudes.com/wp-includes/wlwmanifest.xml]
[logicdudes.com/wp-content/themes/enfold/config-templatebuilder/avia-template-builder/assets/fonts/entypo-fontello30f4.eot]
[logicdudes.com/wp-content/themes/enfold/config-templatebuilder/avia-template-builder/assets/fonts/entypo-fontello30f4.woff]
[logicdudes.com/wp-content/themes/enfold/config-templatebuilder/avia-template-builder/assets/fonts/entypo-fontello30f4.ttf]
[logicdudes.com/wp-content/uploads/2014/03/logicdudes-logo1-300x95.png]
[logicdudes.com/computer-services.html]
[logicdudes.com/computer-services/tech-support.html]
[logicdudes.com/computer-services/web-development.html]
[logicdudes.com/how-to.html]
[logicdudes.com/how-to/setup-centos-7.html]
[logicdudes.com/how-to/setup-centos-7/vps.html]
[logicdudes.com/how-to/setup-centos-7/ssh-keys.html]
[logicdudes.com/how-to/setup-centos-7/iptables.html]
[logicdudes.com/how-to/setup-centos-7/yum.html]
[logicdudes.com/how-to/setup-centos-7/cron.html]
[logicdudes.com/how-to/setup-centos-7/create-swap-file.html]
[logicdudes.com/how-to/setup-centos-7/nagios.html]
[logicdudes.com/about.html]
[logicdudes.com/contact.html]
[logicdudes.com/wp-content/uploads/2014/05/logicdudes-header.jpg]
[logicdudes.com/wp-content/uploads/2014/05/support.png]
[logicdudes.com/computer-services/online-advertising.html]
[logicdudes.com/wp-content/uploads/2014/05/TargetAudience.jpg]
[logicdudes.com/wp-content/uploads/2014/05/targetaudience1.png]
[logicdudes.com/wp-includes/images/rss.png]
[logicdudes.com/wp-admin/admin-ajax.html]
[logicdudes.com/wp-content/plugins/contact-form-7/includes/js/jquery.form.mind03d.js]
[logicdudes.com/wp-content/plugins/contact-form-7/includes/js/scripts8aee.js]
[logicdudes.com/wp-content/themes/enfold/js/avia592e.js]
[logicdudes.com/wp-content/themes/enfold/js/shortcodes592e.js]
[logicdudes.com/wp-content/themes/enfold/js/aviapopup/jquery.magnific-popup.min77ae.js]
[logicdudes.com/wp-includes/js/mediaelement/mediaelement-and-player.min3819.js]
[logicdudes.com/wp-includes/js/mediaelement/wp-mediaelementd19b.js]
[logicdudes.com/wp-includes/js/comment-reply.mind19b.js]
[logicdudes.com/index.html]
[logicdudes.com/wp-content/plugins/contact-form-7/includes/css/styles8aee.css]
[logicdudes.com/wp-content/themes/enfold/css/grid77ae.css]
[logicdudes.com/wp-content/themes/enfold/css/base77ae.css]
[logicdudes.com/wp-content/themes/enfold/images/layout/loading.gif]
[logicdudes.com/wp-content/themes/enfold/css/layout77ae.css]
[logicdudes.com/wp-content/themes/enfold/images/layout/preload-dark-big.gif]
[logicdudes.com/wp-content/themes/enfold/css/shortcodes77ae.css]
[logicdudes.com/wp-content/themes/enfold/images/layout/preload-dark-grey-big.gif]
[logicdudes.com/wp-content/themes/enfold/js/aviapopup/magnific-popup68b3.css]
[logicdudes.com/wp-content/themes/enfold/js/mediaelement/skin-1/background.png]
[logicdudes.com/wp-content/themes/enfold/js/mediaelement/skin-1/sep.png]
[logicdudes.com/wp-content/themes/enfold/js/mediaelement/skin-1/mediaelementplayer68b3.css]
[logicdudes.com/wp-content/themes/enfold/js/mediaelement/skin-1/controls.png]
[logicdudes.com/wp-content/themes/enfold/css/print68b3.css]
[logicdudes.com/wp-content/themes/enfold/images/background-images/ios-linen-light.png]
[logicdudes.com/wp-content/uploads/dynamic_avia/enfolddc7b.css]
[logicdudes.com/wp-content/themes/enfold/css/custom77ae.css]
[logicdudes.com/wp-content/uploads/2014/02/entypo.woff]
[logicdudes.com/wp-content/uploads/2014/02/entypo-social.woff]
[logicdudes.com/index7fe5.html]
[logicdudes.com/wp-content/uploads/2014/03/ld-large-opaque-2.png]
[logicdudes.com/xmlrpc.php]
[logicdudes.com/wp-content/themes/enfold/config-templatebuilder/avia-template-builder/assets/fonts/entypo-fontello30f4.svg]
[logicdudes.com/computer-services/feed]
[logicdudes.com/wp-content/uploads/2014/05/business-services.png]
[logicdudes.com/business-services/seo-website-design-hosting]
[logicdudes.com/business-services/network-administration]
[logicdudes.com/computer-services/custom-web-applications.html]
[logicdudes.com/computer-services/logo-design-branding.html]
[logicdudes.com/computer-services/modern-business-assessment.html]
[logicdudes.com/computer-services.html]
[logicdudes.com/computer-services/web-development/pricing.html]
[logicdudes.com/computer-services/tech-support/feed]
[logicdudes.com/computer-services/tech-support.html]
[logicdudes.com/wp-content/uploads/2014/05/network-administration-banner.png]
[logicdudes.com/computer-services/web-development/feed]
[logicdudes.com/computer-services/web-development.html]
[logicdudes.com/wp-content/uploads/2014/05/seo-website-design-banner1.png]
[logicdudes.com/how-to/feed]
[logicdudes.com/how-to/setup-centos-7/minimal.html]
[logicdudes.com/how-to/setup-centos-7/epel-remi-repos.html]
[logicdudes.com/how-to/setup-centos-7/mariadb.html]
[logicdudes.com/how-to/setup-centos-7/php-fpm.html]
[logicdudes.com/how-to/setup-centos-7/wordpress.html]
[logicdudes.com/how-to/setup-centos-7/bind.html]
[logicdudes.com/how-to.html]
[logicdudes.com/how-to/setup-centos-7/nginx.html]
[logicdudes.com/how-to/setup-centos-7/feed]
[logicdudes.com/wp-content/uploads/2014/08/logicdudes-howto.png]
[logicdudes.com/how-to/setup-centos-7/epel-remi-repositories-centos-7]
[logicdudes.com/how-to/setup-centos-7/virtual-private-server]
[logicdudes.com/wp-content/plugins/simple-share-buttons-adder/buttons/simple/google.png]
[logicdudes.com/wp-content/plugins/simple-share-buttons-adder/buttons/simple/twitter.png]
[logicdudes.com/wp-content/plugins/simple-share-buttons-adder/buttons/simple/facebook.png]
[logicdudes.com/how-to/setup-centos-7.html]
[logicdudes.com/wp-content/plugins/simple-share-buttons-adder/buttons/simple/email.png]
[logicdudes.com/how-to/setup-centos-7/vps/feed]
[logicdudes.com/wp-content/uploads/2014/08/Login-to-DigitalOcean-Account.png]
[logicdudes.com/wp-content/uploads/2014/08/Login-to-DigitalOcean-Account-261x300.png]
[logicdudes.com/wp-content/uploads/2014/08/Create-DigitalOcean-Droplet.png]
[logicdudes.com/wp-content/uploads/2014/08/Create-DigitalOcean-Droplet-300x42.png]
[logicdudes.com/wp-content/uploads/2014/08/Select-Droplet-Size.png]
[logicdudes.com/wp-content/uploads/2014/08/Select-Droplet-Size-300x269.png]
[logicdudes.com/wp-content/uploads/2014/08/Select-Droplet-Region.png]
[logicdudes.com/wp-content/uploads/2014/08/Select-Droplet-Region-300x208.png]
[logicdudes.com/wp-content/uploads/2014/08/Select-Droplet-Image.png]
[logicdudes.com/wp-content/uploads/2014/08/Select-Droplet-Image-300x218.png]
[logicdudes.com/wp-content/uploads/2014/08/New-Droplet-Email.png]
[logicdudes.com/wp-content/uploads/2014/08/New-Droplet-Email-300x85.png]
[logicdudes.com/wp-content/uploads/2014/08/SSH-Into-Droplet.png]
[logicdudes.com/how-to/setup-centos-7/vps.html]
[logicdudes.com/wp-content/uploads/2014/08/SSH-Into-Droplet-300x170.png]
[logicdudes.com/how-to/setup-centos-7/ssh-keys/feed]
[logicdudes.com/wp-content/uploads/2014/08/create-ssh-keys-with-ssh-keygen.png]
[logicdudes.com/wp-content/uploads/2014/08/create-ssh-keys-with-ssh-keygen-300x150.png]
[logicdudes.com/wp-content/uploads/2014/08/edit-ssh-host-config.png]
[logicdudes.com/wp-content/uploads/2014/08/edit-ssh-host-config-300x150.png]
[logicdudes.com/wp-content/uploads/2014/08/install-ssh-keys-with-scp.png]
[logicdudes.com/wp-content/uploads/2014/08/install-ssh-keys-with-scp-300x75.png]
[logicdudes.com/wp-content/uploads/2014/08/sshd-turn-off-password-authentication.png]
[logicdudes.com/wp-content/uploads/2014/08/sshd-turn-off-password-authentication-300x75.png]
[logicdudes.com/wp-content/uploads/2014/08/sshd-turn-off-gassapi-auth.png]
[logicdudes.com/wp-content/uploads/2014/08/sshd-turn-off-gassapi-auth-300x75.png]
[logicdudes.com/wp-content/uploads/2014/08/restart-sshd-with-systemd.png]
[logicdudes.com/how-to/setup-centos-7/ssh-keys.html]
[logicdudes.com/wp-content/uploads/2014/08/restart-sshd-with-systemd-300x75.png]
[logicdudes.com/how-to/setup-centos-7/iptables/feed]
[logicdudes.com/wp-content/uploads/2014/08/1-create-sysconfig-iptables-file.png]
[logicdudes.com/wp-content/uploads/2014/08/1-create-sysconfig-iptables-file-300x61.png]
[logicdudes.com/wp-content/uploads/2014/08/2-open-iptables-config-file.png]
[logicdudes.com/wp-content/uploads/2014/08/2-open-iptables-config-file-300x136.png]
[logicdudes.com/wp-content/uploads/2014/08/4-set-default-iptables-input-rule-.png]
[logicdudes.com/wp-content/uploads/2014/08/4-set-default-iptables-input-rule--300x136.png]
[logicdudes.com/wp-content/uploads/2014/08/5-allow-iptables-lo-and-related-traffic.png]
[logicdudes.com/wp-content/uploads/2014/08/5-allow-iptables-lo-and-related-traffic-300x136.png]
[logicdudes.com/wp-content/uploads/2014/08/6-block-null-syn-and-xmas-packets.png]
[logicdudes.com/wp-content/uploads/2014/08/6-block-null-syn-and-xmas-packets-300x136.png]
[logicdudes.com/wp-content/uploads/2014/08/7-allow-ssh-traffic-iptables.png]
[logicdudes.com/wp-content/uploads/2014/08/7-allow-ssh-traffic-iptables-300x136.png]
[logicdudes.com/wp-content/uploads/2014/08/8-iptables-allow-basic-services.png]
[logicdudes.com/wp-content/uploads/2014/08/8-iptables-allow-basic-services-300x136.png]
[logicdudes.com/wp-content/uploads/2014/08/9-install-iptables-services.png]
[logicdudes.com/wp-content/uploads/2014/08/9-install-iptables-services-300x286.png]
[logicdudes.com/wp-content/uploads/2014/08/10-start-iptables-and-test-connection.png]
[logicdudes.com/wp-content/uploads/2014/08/10-start-iptables-and-test-connection-300x61.png]
[logicdudes.com/wp-content/uploads/2014/08/11-dalo-console-access.png]
[logicdudes.com/wp-content/uploads/2014/08/11-dalo-console-access-300x39.png]
[logicdudes.com/how-to/setup-centos-7/iptables.html]
[logicdudes.com/how-to/setup-centos-7/yum/feed]
[logicdudes.com/wp-content/uploads/2014/08/yum-update-command.png]
[logicdudes.com/wp-content/uploads/2014/08/yum-update-command-300x61.png]
[logicdudes.com/wp-content/uploads/2014/08/yum-update-check.png]
[logicdudes.com/wp-content/uploads/2014/08/yum-update-check-300x211.png]
[logicdudes.com/wp-content/uploads/2014/08/yum-update-complete.png]
[logicdudes.com/wp-content/uploads/2014/08/yum-update-complete-300x211.png]
[logicdudes.com/wp-content/uploads/2014/08/yum-install-ntp-y.png]
[logicdudes.com/wp-content/uploads/2014/08/yum-install-ntp-y-300x225.png]
[logicdudes.com/wp-content/uploads/2014/08/yum-install-ntp-y-complete.png]
[logicdudes.com/wp-content/uploads/2014/08/yum-install-ntp-y-complete-300x225.png]
[logicdudes.com/wp-content/uploads/2014/08/yum-search-vnc.png]
[logicdudes.com/how-to/setup-centos-7/yum.html]
[logicdudes.com/wp-content/uploads/2014/08/yum-search-vnc-249x300.png]
[logicdudes.com/how-to/setup-centos-7/cron/feed]
[logicdudes.com/wp-content/uploads/2014/08/update-server-clock-with-ntpdate.png]
[logicdudes.com/wp-content/uploads/2014/08/update-server-clock-with-ntpdate-300x95.png]
[logicdudes.com/wp-content/uploads/2014/08/the-date-command.png]
[logicdudes.com/wp-content/uploads/2014/08/the-date-command-300x61.png]
[logicdudes.com/wp-content/uploads/2014/08/edit-crontab1.png]
[logicdudes.com/wp-content/uploads/2014/08/edit-crontab1-300x21.png]
[logicdudes.com/wp-content/uploads/2014/08/insert-daily-cron-job-with-crontab-and-vim.png]
[logicdudes.com/wp-content/uploads/2014/08/insert-daily-cron-job-with-crontab-and-vim-300x61.png]
[logicdudes.com/wp-content/uploads/2014/08/save-and-close-vim.png]
[logicdudes.com/wp-content/uploads/2014/08/save-and-close-vim-300x61.png]
[logicdudes.com/wp-content/uploads/2014/08/new-cron-job-saved.png]
[logicdudes.com/how-to/setup-centos-7/cron.html]
[logicdudes.com/wp-content/uploads/2014/08/new-cron-job-saved-300x61.png]
[logicdudes.com/how-to/setup-centos-7/create-swap-file/feed]
[logicdudes.com/wp-content/uploads/2014/08/dd-create-4gb-swapfiel.png]
[logicdudes.com/wp-content/uploads/2014/08/dd-create-4gb-swapfiel-300x61.png]
[logicdudes.com/wp-content/uploads/2014/08/format-swapfile-with-mkswap.png]
[logicdudes.com/wp-content/uploads/2014/08/format-swapfile-with-mkswap-300x61.png]
[logicdudes.com/wp-content/uploads/2014/08/set-swapfile-permissions.png]
[logicdudes.com/wp-content/uploads/2014/08/set-swapfile-permissions-300x61.png]
[logicdudes.com/wp-content/uploads/2014/08/turn-on-swapfile-with-swapon.png]
[logicdudes.com/wp-content/uploads/2014/08/turn-on-swapfile-with-swapon-300x95.png]
[logicdudes.com/wp-content/uploads/2014/08/Screenshot-from-2014-08-10-115352.png]
[logicdudes.com/wp-content/uploads/2014/08/Screenshot-from-2014-08-10-115352-300x136.png]
[logicdudes.com/wp-content/uploads/2014/08/test-and-roboot-swap.png]
[logicdudes.com/how-to/setup-centos-7/create-swap-file.html]
[logicdudes.com/wp-content/uploads/2014/08/test-and-roboot-swap-300x136.png]
[logicdudes.com/how-to/setup-centos-7/nagios/feed]
[logicdudes.com/wp-content/uploads/2014/08/yum-install-nagios.png]
[logicdudes.com/wp-content/uploads/2014/08/yum-install-nagios-300x211.png]
[logicdudes.com/wp-content/uploads/2014/08/Screenshot-from-2014-08-10-131301.png]
[logicdudes.com/wp-content/uploads/2014/08/Screenshot-from-2014-08-10-131301-300x211.png]
[logicdudes.com/wp-content/uploads/2014/08/nagios-install-complete.png]
[logicdudes.com/wp-content/uploads/2014/08/nagios-install-complete-300x211.png]
[logicdudes.com/wp-content/uploads/2014/08/yum-install-nagios-plugins.png]
[logicdudes.com/wp-content/uploads/2014/08/yum-install-nagios-plugins-300x113.png]
[logicdudes.com/wp-content/uploads/2014/08/install-nagios-plugins-complete.png]
[logicdudes.com/wp-content/uploads/2014/08/install-nagios-plugins-complete-300x211.png]
[logicdudes.com/wp-content/uploads/2014/08/add-nagios-contact.png]
[logicdudes.com/wp-content/uploads/2014/08/add-nagios-contact-300x138.png]
[logicdudes.com/wp-content/uploads/2014/08/create-nagiosadmin-password.png]
[logicdudes.com/wp-content/uploads/2014/08/create-nagiosadmin-password-300x95.png]
[logicdudes.com/wp-content/uploads/2014/08/secure-nagios-virtual-host-1.png]
[logicdudes.com/wp-content/uploads/2014/08/secure-nagios-virtual-host-1-300x136.png]
[logicdudes.com/wp-content/uploads/2014/08/secure-nagios-virtual-host-2.png]
[logicdudes.com/wp-content/uploads/2014/08/secure-nagios-virtual-host-2-300x136.png]
[logicdudes.com/wp-content/uploads/2014/08/change-apache-httpd-listening-port.png]
[logicdudes.com/wp-content/uploads/2014/08/change-apache-httpd-listening-port-300x95.png]
[logicdudes.com/wp-content/uploads/2014/08/Screenshot-from-2014-08-10-132917.png]
[logicdudes.com/wp-content/uploads/2014/08/Screenshot-from-2014-08-10-132917-300x136.png]
[logicdudes.com/wp-content/uploads/2014/08/systemctl-restart-iptables.png]
[logicdudes.com/wp-content/uploads/2014/08/systemctl-restart-iptables-300x75.png]
[logicdudes.com/wp-content/uploads/2014/08/enable-nagios-and-httpd.png]
[logicdudes.com/wp-content/uploads/2014/08/enable-nagios-and-httpd-300x136.png]
[logicdudes.com/wp-content/uploads/2014/08/nagios-login-page.png]
[logicdudes.com/wp-content/uploads/2014/08/nagios-login-page-300x162.png]
[logicdudes.com/wp-content/uploads/2014/08/nagios-home-screen.png]
[logicdudes.com/wp-content/uploads/2014/08/nagios-home-page-services.png]
[logicdudes.com/wp-content/uploads/2014/08/nagios-home-page-services-300x262.png]
[logicdudes.com/wp-content/uploads/2014/08/nagios-services-page.png]
[logicdudes.com/wp-content/uploads/2014/08/nagios-services-page-300x262.png]
[logicdudes.com/how-to/setup-centos-7/nagios.html]
[logicdudes.com/about/feed]
[logicdudes.com/wp-content/uploads/2014/08/logicdudes-stacked.png]
[logicdudes.com/wp-content/uploads/2014/06/kevin-ashcraft.png]
[logicdudes.com/wp-content/uploads/2014/08/kaitlyn-powell1.png]
[logicdudes.com/about.html]
[logicdudes.com/contact.html]
[logicdudes.com/contact/feed]
[logicdudes.com/computer-services/online-advertising/feed]
[logicdudes.com/wp-content/uploads/2014/05/iab-banner.png]
[logicdudes.com/computer-services/online-advertising.html]
[logicdudes.com/wp-content/themes/enfold/framework/index.html]
[logicdudes.com/wp-admin/admin-ajax.html]
[logicdudes.com/indexeffd.html]
[logicdudes.com/business-services/seo-website-design-hosting.html]
[logicdudes.com/business-services/network-administration.html]
[logicdudes.com/computer-services/custom-web-applications/feed]
[logicdudes.com/computer-services/custom-web-applications.html]
[logicdudes.com/wp-content/uploads/2014/05/web-applications-banner.png]
[logicdudes.com/wp-content/uploads/2014/05/branding-pic.png]
[logicdudes.com/computer-services/logo-design-branding.html]
[logicdudes.com/computer-services/logo-design-branding/feed]
[logicdudes.com/computer-services/modern-business-assessment.html]
[logicdudes.com/computer-services/modern-business-assessment/feed]
[logicdudes.com/computer-services/web-development/pricing.html]
[logicdudes.com/index4659.html]
[logicdudes.com/index3350.html]
[logicdudes.com/index9e0f.html]
[logicdudes.com/computer-services/web-development/pricing/feed]
[logicdudes.com/how-to/setup-centos-7/minimal/feed]
[logicdudes.com/wp-content/uploads/2014/08/centos-install-select-install.png]
[logicdudes.com/wp-content/uploads/2014/08/centos-install-select-install-300x204.png]
[logicdudes.com/wp-content/uploads/2014/08/centos-install-select-language.png]
[logicdudes.com/wp-content/uploads/2014/08/centos-install-select-language-300x224.png]
[logicdudes.com/wp-content/uploads/2014/08/install-centos-destination.png]
[logicdudes.com/wp-content/uploads/2014/08/install-centos-destination-300x224.png]
[logicdudes.com/wp-content/uploads/2014/08/centos-install-select-hard-drive.png]
[logicdudes.com/wp-content/uploads/2014/08/centos-install-select-hard-drive-300x224.png]
[logicdudes.com/wp-content/uploads/2014/08/centos-install-setup-network.png]
[logicdudes.com/wp-content/uploads/2014/08/centos-install-setup-network-300x224.png]
[logicdudes.com/wp-content/uploads/2014/08/centos-install-setup-network-2.png]
[logicdudes.com/wp-content/uploads/2014/08/centos-install-setup-network-2-300x224.png]
[logicdudes.com/wp-content/uploads/2014/08/centos-install-copying-files.png]
[logicdudes.com/wp-content/uploads/2014/08/centos-install-copying-files-300x224.png]
[logicdudes.com/wp-content/uploads/2014/08/boot-new-centos-server.png]
[logicdudes.com/wp-content/uploads/2014/08/boot-new-centos-server-300x224.png]
[logicdudes.com/wp-content/uploads/2014/08/login-to-centos.png]
[logicdudes.com/wp-content/uploads/2014/08/login-to-centos-300x224.png]
[logicdudes.com/how-to/setup-centos-7/minimal.html]
[logicdudes.com/how-to/setup-centos-7/epel-remi-repos/feed]
[logicdudes.com/wp-content/uploads/2014/08/wget-epel-repo-rpm.png]
[logicdudes.com/wp-content/uploads/2014/08/wget-epel-repo-rpm-300x136.png]
[logicdudes.com/wp-content/uploads/2014/08/wget-remi-repo-rpm.png]
[logicdudes.com/wp-content/uploads/2014/08/wget-remi-repo-rpm-300x136.png]
[logicdudes.com/wp-content/uploads/2014/08/install-epel-and-remi-rpms.png]
[logicdudes.com/wp-content/uploads/2014/08/install-epel-and-remi-rpms-300x136.png]
[logicdudes.com/how-to/setup-centos-7/epel-remi-repos.html]
[logicdudes.com/how-to/setup-centos-7/mariadb/feed]
[logicdudes.com/wp-content/uploads/2014/08/yum-install-mariadb-mariadb-server.png]
[logicdudes.com/wp-content/uploads/2014/08/yum-install-mariadb-mariadb-server-300x95.png]
[logicdudes.com/wp-content/uploads/2014/08/yum-install-mariadb-complete.png]
[logicdudes.com/wp-content/uploads/2014/08/yum-install-mariadb-complete-300x95.png]
[logicdudes.com/wp-content/uploads/2014/08/start-mariadb-server-with-systemd.png]
[logicdudes.com/wp-content/uploads/2014/08/start-mariadb-server-with-systemd-300x95.png]
[logicdudes.com/wp-content/uploads/2014/08/set-mysql-root-password.png]
[logicdudes.com/wp-content/uploads/2014/08/set-mysql-root-password-300x95.png]
[logicdudes.com/wp-content/uploads/2014/08/login-to-mysql.png]
[logicdudes.com/wp-content/uploads/2014/08/login-to-mysql-300x95.png]
[logicdudes.com/wp-content/uploads/2014/08/create-mysql-database.png]
[logicdudes.com/wp-content/uploads/2014/08/create-mysql-database-300x95.png]
[logicdudes.com/wp-content/uploads/2014/08/create-mysql-user.png]
[logicdudes.com/wp-content/uploads/2014/08/create-mysql-user-300x76.png]
[logicdudes.com/wp-content/uploads/2014/08/exit-mysql.png]
[logicdudes.com/how-to/setup-centos-7/mariadb.html]
[logicdudes.com/wp-content/uploads/2014/08/exit-mysql-300x49.png]
[logicdudes.com/how-to/setup-centos-7/php-fpm/feed]
[logicdudes.com/wp-content/uploads/2014/08/yum-install-php-php-fpm-1.png]
[logicdudes.com/wp-content/uploads/2014/08/yum-install-php-php-fpm-1-300x211.png]
[logicdudes.com/wp-content/uploads/2014/08/yum-install-php-php-fpm-complete.png]
[logicdudes.com/wp-content/uploads/2014/08/yum-install-php-php-fpm-complete-300x211.png]
[logicdudes.com/wp-content/uploads/2014/08/php-ini-open-short-tag-on.png]
[logicdudes.com/wp-content/uploads/2014/08/php-ini-open-short-tag-on-300x61.png]
[logicdudes.com/wp-content/uploads/2014/08/php-ini-max-post-size.png]
[logicdudes.com/wp-content/uploads/2014/08/php-ini-max-post-size-300x61.png]
[logicdudes.com/wp-content/uploads/2014/08/php-ini-cgi-fix-pathinfo.png]
[logicdudes.com/wp-content/uploads/2014/08/php-ini-cgi-fix-pathinfo-300x61.png]
[logicdudes.com/wp-content/uploads/2014/08/php-fpm-www-conf-listen-sock-file.png]
[logicdudes.com/wp-content/uploads/2014/08/php-fpm-www-conf-listen-sock-file-300x61.png]
[logicdudes.com/wp-content/uploads/2014/08/nginx-php-fpm-virtual-host-conf.png]
[logicdudes.com/wp-content/uploads/2014/08/nginx-php-fpm-virtual-host-conf-300x211.png]
[logicdudes.com/wp-content/uploads/2014/08/systemctl-start-php-fpm-and-enable-systemd-service.png]
[logicdudes.com/wp-content/uploads/2014/08/systemctl-start-php-fpm-and-enable-systemd-service-300x95.png]
[logicdudes.com/wp-content/uploads/2014/08/test-php-fpm-on-nginx-with-firefox.png]
[logicdudes.com/how-to/setup-centos-7/php-fpm.html]
[logicdudes.com/wp-content/uploads/2014/08/test-php-fpm-on-nginx-with-firefox-300x216.png]
[logicdudes.com/how-to/setup-centos-7/wordpress.html]
[logicdudes.com/how-to/setup-centos-7/wordpress/feed]
[logicdudes.com/how-to/setup-centos-7/bind/feed]
[logicdudes.com/wp-content/uploads/2014/08/yum-install-bind-1.png]
[logicdudes.com/wp-content/uploads/2014/08/yum-install-bind-1-300x136.png]
[logicdudes.com/wp-content/uploads/2014/08/yum-install-bind-2-.png]
[logicdudes.com/wp-content/uploads/2014/08/yum-install-bind-2--300x136.png]
[logicdudes.com/wp-content/uploads/2014/08/yum-install-bind-complete.png]
[logicdudes.com/wp-content/uploads/2014/08/yum-install-bind-complete-300x136.png]
[logicdudes.com/wp-content/uploads/2014/08/named-conf-basic-1.png]
[logicdudes.com/wp-content/uploads/2014/08/named-conf-basic-1-300x136.png]
[logicdudes.com/wp-content/uploads/2014/08/TURN-OFF-RECURSION.png]
[logicdudes.com/wp-content/uploads/2014/08/TURN-OFF-RECURSION-300x136.png]
[logicdudes.com/wp-content/uploads/2014/08/add-include-line-named-conf.png]
[logicdudes.com/wp-content/uploads/2014/08/add-include-line-named-conf-300x136.png]
[logicdudes.com/wp-content/uploads/2014/08/named-zone-entry.png]
[logicdudes.com/wp-content/uploads/2014/08/named-zone-entry-300x136.png]
[logicdudes.com/wp-content/uploads/2014/08/named-zone-database-file-si.png]
[logicdudes.com/wp-content/uploads/2014/08/named-zone-database-file-si1.png]
[logicdudes.com/wp-content/uploads/2014/08/named-zone-database-file-si1-300x136.png]
[logicdudes.com/wp-content/uploads/2014/08/edit-zone-database-file-and-change-mode.png]
[logicdudes.com/wp-content/uploads/2014/08/edit-zone-database-file-and-change-mode-300x61.png]
[logicdudes.com/wp-content/uploads/2014/08/named-iptables-policy.png]
[logicdudes.com/wp-content/uploads/2014/08/named-iptables-policy-300x136.png]
[logicdudes.com/wp-content/uploads/2014/08/restart-iptables.png]
[logicdudes.com/wp-content/uploads/2014/08/restart-iptables-300x61.png]
[logicdudes.com/wp-content/uploads/2014/08/start-and-enable-named-bind-dns.png]
[logicdudes.com/wp-content/uploads/2014/08/start-and-enable-named-bind-dns-300x136.png]
[logicdudes.com/wp-content/uploads/2014/08/dig-test-named-ANY.png]
[logicdudes.com/wp-content/uploads/2014/08/dig-test-named-ANY-300x286.png]
[logicdudes.com/wp-content/uploads/2014/08/dig-test-named-single.png]
[logicdudes.com/wp-content/uploads/2014/08/dig-test-named-single-300x286.png]
[logicdudes.com/wp-content/uploads/2014/08/dig-test-named-recursion.png]
[logicdudes.com/how-to/setup-centos-7/bind.html]
[logicdudes.com/wp-content/uploads/2014/08/dig-test-named-recursion-300x286.png]
[logicdudes.com/how-to/setup-centos-7/nginx/feed]
[logicdudes.com/wp-content/uploads/2014/08/yum-install-nginx.png]
[logicdudes.com/wp-content/uploads/2014/08/yum-install-nginx-300x61.png]
[logicdudes.com/wp-content/uploads/2014/08/yum-install-nginx-complete.png]
[logicdudes.com/wp-content/uploads/2014/08/yum-install-nginx-complete-300x211.png]
[logicdudes.com/wp-content/uploads/2014/08/disable-default-nginx-page.png]
[logicdudes.com/wp-content/uploads/2014/08/disable-default-nginx-page-231x300.png]
[logicdudes.com/wp-content/uploads/2014/08/nginx-virtual-host-conf-file.png]
[logicdudes.com/wp-content/uploads/2014/08/nginx-virtual-host-conf-file-300x95.png]
[logicdudes.com/wp-content/uploads/2014/08/add-nginx-virtual-host-directory.png]
[logicdudes.com/wp-content/uploads/2014/08/add-nginx-virtual-host-directory-300x61.png]
[logicdudes.com/wp-content/uploads/2014/08/allow-port-80-through-iptables.png]
[logicdudes.com/wp-content/uploads/2014/08/allow-port-80-through-iptables-300x61.png]
[logicdudes.com/wp-content/uploads/2014/08/start-and-enable-nginx-systemd-service.png]
[logicdudes.com/wp-content/uploads/2014/08/start-and-enable-nginx-systemd-service-300x61.png]
[logicdudes.com/wp-content/uploads/2014/08/nginx-test-on-firefox.png]
[logicdudes.com/wp-content/uploads/2014/08/nginx-test-on-firefox-300x216.png]
[logicdudes.com/how-to/setup-centos-7/nginx.html]
[logicdudes.com/indexbbbc.html]
[logicdudes.com/how-to/setup-centos-7/epel-remi-repositories-centos-7.html]
[logicdudes.com/how-to/setup-centos-7/virtual-private-server.html]
[logicdudes.com/index6b92.html]
[logicdudes.com/index9982.html]
[logicdudes.com/indexd073.html]
[logicdudes.com/index61a9.html]
[logicdudes.com/index7aeb.html]
[logicdudes.com/indexb022.html]
[logicdudes.com/index38bf.html]
[logicdudes.com/index672e.html]
[logicdudes.com/index3965.html]
[logicdudes.com/index28c5.html]
[logicdudes.com/wp-content/uploads/2014/05/online-advertising-banner1.html]
[logicdudes.com/indexd5db.html]
[logicdudes.com/index905c.html]
[logicdudes.com/indexa09e.html]
[logicdudes.com/indexbdc5.html]
[logicdudes.com/indexe4dc.html]
[logicdudes.com/indexfe6b.html]
[logicdudes.com/index20df.html]
[logicdudes.com/index3f90.html]
[logicdudes.com/index094a.html]
[logicdudes.com/index2531.html]
[logicdudes.com/indexa2f3.html]
[logicdudes.com/wp-content/themes/enfold/index.html]
